2026-09-16 06:36:25 | === Starting eSSL → Supabase sync ===
2026-09-16 06:36:25 | Syncing employees...
2026-09-16 06:36:25 | ERROR querying MDB: Command failed: powershell -ExecutionPolicy Bypass -Command "$conn = New-Object System.Data.OleDb.OleDbConnection('Provider=Microsoft.ACE.OLEDB.12.0;Data Source=C:\eTimeTrackLite\eTimeTrackLite1.mdb;')     $conn.Open()     $cmd = $conn.CreateCommand()     $cmd.CommandText = "SELECT EmployeeId, EmployeeName, EmployeeCode, DepartmentId FROM Employees WHERE RecordStatus = 1"     $reader = $cmd.ExecuteReader()     $rows = @()     while ($reader.Read()) {       $row = @{}       for ($i = 0; $i -lt $reader.FieldCount; $i++) {         $row[$reader.GetName($i)] = if ($reader.IsDBNull($i)) { $null } else { $reader.GetValue($i).ToString().Trim() }       }       $rows += $row     }     $reader.Close()     $conn.Close()     $rows | ConvertTo-Json -Depth 2"
At line:1 char:416
+ ... = @()     while ($reader.Read()) {       $row = @{}       for ($i = 0 ...
+                                                               ~~~
Unexpected token 'for' in expression or statement.
    + CategoryInfo          : ParserError: (:) [], ParentContainsErrorRecordException
    + FullyQualifiedErrorId : UnexpectedToken
 

2026-09-16 06:36:25 | No employees found.
2026-09-16 06:36:25 | Syncing attendance logs (last 90 days)...
2026-09-16 06:36:25 | ERROR querying MDB: Command failed: powershell -ExecutionPolicy Bypass -Command "$conn = New-Object System.Data.OleDb.OleDbConnection('Provider=Microsoft.ACE.OLEDB.12.0;Data Source=C:\eTimeTrackLite\eTimeTrackLite1.mdb;')     $conn.Open()     $cmd = $conn.CreateCommand()     $cmd.CommandText = "SELECT attendancelogid, AttendanceDate, EmployeeId, InTime, OutTime, Duration, LateBy, EarlyBy, OverTime, PunchRecords, Present, Absent, Status, WeeklyOff, Holiday FROM AttendanceLogs WHERE AttendanceDate >= #2026-06-18#"     $reader = $cmd.ExecuteReader()     $rows = @()     while ($reader.Read()) {       $row = @{}       for ($i = 0; $i -lt $reader.FieldCount; $i++) {         $row[$reader.GetName($i)] = if ($reader.IsDBNull($i)) { $null } else { $reader.GetValue($i).ToString().Trim() }       }       $rows += $row     }     $reader.Close()     $conn.Close()     $rows | ConvertTo-Json -Depth 2"
The system cannot find the path specified.

2026-09-16 06:36:25 | No attendance records found.
2026-09-16 06:36:25 | === Sync complete ===
2026-09-16 06:37:26 | === Starting eSSL to Supabase sync ===
2026-09-16 06:37:26 | Syncing employees...
2026-09-16 06:37:28 | Synced 14 employees.
2026-09-16 06:37:28 | Syncing attendance logs (last 90 days)...
2026-09-16 06:37:29 | Read 252 records from eSSL. Pushing to Supabase...
2026-09-16 06:37:30 | ERROR batch 1: invalid input syntax for type date: "9/1/2026 1"
2026-09-16 06:37:30 | ERROR batch 2: invalid input syntax for type date: "9/1/2026 1"
2026-09-16 06:37:30 | Synced 0 / 252 attendance records.
2026-09-16 06:37:30 | === Sync complete ===
2026-09-16 06:41:30 | === Starting eSSL to Supabase sync ===
2026-09-16 06:41:30 | Syncing employees...
2026-09-16 06:41:31 | Synced 14 employees.
2026-09-16 06:41:31 | Syncing attendance logs (last 90 days)...
2026-09-16 06:41:32 | Read 252 records from eSSL. Pushing to Supabase...
2026-09-16 06:41:32 | ERROR batch 1: insert or update on table "attendance_logs" violates foreign key constraint "attendance_logs_employee_id_fkey"
2026-09-16 06:41:33 | ERROR batch 2: insert or update on table "attendance_logs" violates foreign key constraint "attendance_logs_employee_id_fkey"
2026-09-16 06:41:33 | Synced 0 / 252 attendance records.
2026-09-16 06:41:33 | === Sync complete ===
2026-09-16 06:42:52 | === Starting eSSL to Supabase sync ===
2026-09-16 06:42:52 | Syncing employees...
2026-09-16 06:42:53 | Synced 19 employees.
2026-09-16 06:42:53 | Syncing attendance logs (last 90 days)...
2026-09-16 06:42:53 | Read 252 records from eSSL. Pushing to Supabase...
2026-09-16 06:42:54 | Synced 252 / 252 attendance records.
2026-09-16 06:42:54 | === Sync complete ===
